{"sessionId": "distributed-system", "runId": "docker-compose", "hypothesisId": "APP", "location": "app.py", "message": "Application started", "data": {}, "timestamp": 1778589186964, "datetime": "2026-05-12T12:33:06.964410"}
{"sessionId": "distributed-system", "runId": "docker-compose", "hypothesisId": "APP", "location": "app.py", "message": "Flask application started", "data": {}, "timestamp": 1778589186966, "datetime": "2026-05-12T12:33:06.966237"}
{"sessionId": "distributed-system", "runId": "docker-compose", "hypothesisId": "APP", "location": "app.py", "message": "Application started", "data": {}, "timestamp": 1778589187201, "datetime": "2026-05-12T12:33:07.201576"}
{"sessionId": "distributed-system", "runId": "docker-compose", "hypothesisId": "APP", "location": "app.py", "message": "Flask application started", "data": {}, "timestamp": 1778589187203, "datetime": "2026-05-12T12:33:07.203393"}
{"sessionId": "distributed-system", "runId": "docker-compose", "hypothesisId": "COUNTER", "location": "app.py", "message": "Counter incremented", "data": {"count": 1}, "timestamp": 1778589194262, "datetime": "2026-05-12T12:33:14.262130"}
{"sessionId": "distributed-system", "runId": "docker-compose", "hypothesisId": "DECISION", "location": "app.py", "message": "Decision selected", "data": {"count": 1, "decision": "Обычный посетитель"}, "timestamp": 1778589194262, "datetime": "2026-05-12T12:33:14.262213"}
{"sessionId": "distributed-system", "runId": "docker-compose", "hypothesisId": "COUNTER", "location": "app.py", "message": "Counter incremented", "data": {"count": 2}, "timestamp": 1778589196431, "datetime": "2026-05-12T12:33:16.431947"}
{"sessionId": "distributed-system", "runId": "docker-compose", "hypothesisId": "DECISION", "location": "app.py", "message": "Decision selected", "data": {"count": 2, "decision": "Чётный посетитель"}, "timestamp": 1778589196432, "datetime": "2026-05-12T12:33:16.432023"}
{"sessionId": "distributed-system", "runId": "docker-compose", "hypothesisId": "COUNTER", "location": "app.py", "message": "Counter incremented", "data": {"count": 3}, "timestamp": 1778589196827, "datetime": "2026-05-12T12:33:16.827297"}
{"sessionId": "distributed-system", "runId": "docker-compose", "hypothesisId": "DECISION", "location": "app.py", "message": "Decision selected", "data": {"count": 3, "decision": "Обычный посетитель"}, "timestamp": 1778589196827, "datetime": "2026-05-12T12:33:16.827371"}
{"sessionId": "distributed-system", "runId": "docker-compose", "hypothesisId": "COUNTER", "location": "app.py", "message": "Counter incremented", "data": {"count": 4}, "timestamp": 1778589197003, "datetime": "2026-05-12T12:33:17.003390"}
{"sessionId": "distributed-system", "runId": "docker-compose", "hypothesisId": "DECISION", "location": "app.py", "message": "Decision selected", "data": {"count": 4, "decision": "Чётный посетитель"}, "timestamp": 1778589197003, "datetime": "2026-05-12T12:33:17.003467"}
{"sessionId": "distributed-system", "runId": "docker-compose", "hypothesisId": "COUNTER", "location": "app.py", "message": "Counter incremented", "data": {"count": 5}, "timestamp": 1778589197176, "datetime": "2026-05-12T12:33:17.176540"}
{"sessionId": "distributed-system", "runId": "docker-compose", "hypothesisId": "DECISION", "location": "app.py", "message": "Decision selected", "data": {"count": 5, "decision": "Обычный посетитель"}, "timestamp": 1778589197176, "datetime": "2026-05-12T12:33:17.176617"}
{"sessionId": "distributed-system", "runId": "docker-compose", "hypothesisId": "COUNTER", "location": "app.py", "message": "Counter incremented", "data": {"count": 6}, "timestamp": 1778589197367, "datetime": "2026-05-12T12:33:17.367622"}
{"sessionId": "distributed-system", "runId": "docker-compose", "hypothesisId": "DECISION", "location": "app.py", "message": "Decision selected", "data": {"count": 6, "decision": "Чётный посетитель"}, "timestamp": 1778589197367, "datetime": "2026-05-12T12:33:17.367711"}
{"sessionId": "distributed-system", "runId": "docker-compose", "hypothesisId": "COUNTER", "location": "app.py", "message": "Counter incremented", "data": {"count": 7}, "timestamp": 1778589197544, "datetime": "2026-05-12T12:33:17.544255"}
{"sessionId": "distributed-system", "runId": "docker-compose", "hypothesisId": "DECISION", "location": "app.py", "message": "Decision selected", "data": {"count": 7, "decision": "Счастливый посетитель!"}, "timestamp": 1778589197544, "datetime": "2026-05-12T12:33:17.544339"}
{"sessionId": "distributed-system", "runId": "docker-compose", "hypothesisId": "COUNTER", "location": "app.py", "message": "Counter incremented", "data": {"count": 8}, "timestamp": 1778589197709, "datetime": "2026-05-12T12:33:17.709711"}
{"sessionId": "distributed-system", "runId": "docker-compose", "hypothesisId": "DECISION", "location": "app.py", "message": "Decision selected", "data": {"count": 8, "decision": "Чётный посетитель"}, "timestamp": 1778589197709, "datetime": "2026-05-12T12:33:17.709789"}
{"sessionId": "distributed-system", "runId": "docker-compose", "hypothesisId": "COUNTER", "location": "app.py", "message": "Counter incremented", "data": {"count": 9}, "timestamp": 1778589197877, "datetime": "2026-05-12T12:33:17.877979"}
{"sessionId": "distributed-system", "runId": "docker-compose", "hypothesisId": "DECISION", "location": "app.py", "message": "Decision selected", "data": {"count": 9, "decision": "Обычный посетитель"}, "timestamp": 1778589197878, "datetime": "2026-05-12T12:33:17.878103"}
{"sessionId": "distributed-system", "runId": "docker-compose", "hypothesisId": "COUNTER", "location": "app.py", "message": "Counter incremented", "data": {"count": 10}, "timestamp": 1778589198037, "datetime": "2026-05-12T12:33:18.037948"}
{"sessionId": "distributed-system", "runId": "docker-compose", "hypothesisId": "DECISION", "location": "app.py", "message": "Decision selected", "data": {"count": 10, "decision": "Юбилейный посетитель!"}, "timestamp": 1778589198038, "datetime": "2026-05-12T12:33:18.038025"}
{"sessionId": "distributed-system", "runId": "docker-compose", "hypothesisId": "COUNTER", "location": "app.py", "message": "Counter incremented", "data": {"count": 11}, "timestamp": 1778589198218, "datetime": "2026-05-12T12:33:18.218311"}
{"sessionId": "distributed-system", "runId": "docker-compose", "hypothesisId": "DECISION", "location": "app.py", "message": "Decision selected", "data": {"count": 11, "decision": "Обычный посетитель"}, "timestamp": 1778589198218, "datetime": "2026-05-12T12:33:18.218386"}
{"sessionId": "distributed-system", "runId": "docker-compose", "hypothesisId": "COUNTER", "location": "app.py", "message": "Counter incremented", "data": {"count": 12}, "timestamp": 1778589198413, "datetime": "2026-05-12T12:33:18.413781"}
{"sessionId": "distributed-system", "runId": "docker-compose", "hypothesisId": "DECISION", "location": "app.py", "message": "Decision selected", "data": {"count": 12, "decision": "Чётный посетитель"}, "timestamp": 1778589198413, "datetime": "2026-05-12T12:33:18.413860"}
{"sessionId": "distributed-system", "runId": "docker-compose", "hypothesisId": "COUNTER", "location": "app.py", "message": "Counter incremented", "data": {"count": 13}, "timestamp": 1778589198570, "datetime": "2026-05-12T12:33:18.570598"}
{"sessionId": "distributed-system", "runId": "docker-compose", "hypothesisId": "DECISION", "location": "app.py", "message": "Decision selected", "data": {"count": 13, "decision": "Обычный посетитель"}, "timestamp": 1778589198570, "datetime": "2026-05-12T12:33:18.570677"}
{"sessionId": "distributed-system", "runId": "docker-compose", "hypothesisId": "COUNTER", "location": "app.py", "message": "Counter incremented", "data": {"count": 14}, "timestamp": 1778589198757, "datetime": "2026-05-12T12:33:18.757810"}
{"sessionId": "distributed-system", "runId": "docker-compose", "hypothesisId": "DECISION", "location": "app.py", "message": "Decision selected", "data": {"count": 14, "decision": "Счастливый посетитель!"}, "timestamp": 1778589198757, "datetime": "2026-05-12T12:33:18.757903"}
{"sessionId": "distributed-system", "runId": "docker-compose", "hypothesisId": "COUNTER", "location": "app.py", "message": "Counter incremented", "data": {"count": 15}, "timestamp": 1778589198929, "datetime": "2026-05-12T12:33:18.929682"}
{"sessionId": "distributed-system", "runId": "docker-compose", "hypothesisId": "DECISION", "location": "app.py", "message": "Decision selected", "data": {"count": 15, "decision": "Обычный посетитель"}, "timestamp": 1778589198929, "datetime": "2026-05-12T12:33:18.929755"}
{"sessionId": "distributed-system", "runId": "docker-compose", "hypothesisId": "COUNTER", "location": "app.py", "message": "Counter incremented", "data": {"count": 16}, "timestamp": 1778589199102, "datetime": "2026-05-12T12:33:19.102095"}
{"sessionId": "distributed-system", "runId": "docker-compose", "hypothesisId": "DECISION", "location": "app.py", "message": "Decision selected", "data": {"count": 16, "decision": "Чётный посетитель"}, "timestamp": 1778589199102, "datetime": "2026-05-12T12:33:19.102199"}
{"sessionId": "distributed-system", "runId": "docker-compose", "hypothesisId": "COUNTER", "location": "app.py", "message": "Counter incremented", "data": {"count": 17}, "timestamp": 1778589199306, "datetime": "2026-05-12T12:33:19.306256"}
{"sessionId": "distributed-system", "runId": "docker-compose", "hypothesisId": "DECISION", "location": "app.py", "message": "Decision selected", "data": {"count": 17, "decision": "Обычный посетитель"}, "timestamp": 1778589199306, "datetime": "2026-05-12T12:33:19.306367"}
{"sessionId": "distributed-system", "runId": "docker-compose", "hypothesisId": "COUNTER", "location": "app.py", "message": "Counter incremented", "data": {"count": 18}, "timestamp": 1778589199470, "datetime": "2026-05-12T12:33:19.470188"}
{"sessionId": "distributed-system", "runId": "docker-compose", "hypothesisId": "DECISION", "location": "app.py", "message": "Decision selected", "data": {"count": 18, "decision": "Чётный посетитель"}, "timestamp": 1778589199470, "datetime": "2026-05-12T12:33:19.470267"}
